При работе на ALT Linux возникли проблемы, ни один из проектов не был активирован.
FLTK_USE_X11 не определен, также как и другие проекты.

Для решения выполняем

$ sudo apt-get install libX11-devel

$ sudo apt-get install libGL-devel

$ sudo apt-get install libGLU-devel

#rebuild FLTK, явно указываем компилятор
$ cmake -DCMAKE_CXX_COMPILER=/usr/bin/gcc ..
-- The C compiler identification is GNU 10.3.1
-- The CXX compiler identification is GNU 10.3.1
-- Detecting C compiler ABI info
-- Detecting C compiler ABI info - done
-- Check for working C compiler: /usr/bin/cc - skipped
-- Detecting C compile features
-- Detecting C compile features - done
-- Detecting CXX compiler ABI info
-- Detecting CXX compiler ABI info - done
-- Check for working CXX compiler: /usr/bin/gcc - skipped
-- Detecting CXX compile features
-- Detecting CXX compile features - done
-- Looking for sys/types.h
-- Looking for sys/types.h - found
-- Looking for stdint.h
-- Looking for stdint.h - found
-- Looking for stddef.h
-- Looking for stddef.h - found
-- Check size of short
-- Check size of short - done
-- Check size of int
-- Check size of int - done
-- Check size of long
-- Check size of long - done
-- Check size of long long
-- Check size of long long - done
-- Found PkgConfig: /usr/bin/pkg-config (found version "0.29.2") 
-- Looking for POSIX compatible scandir
-- POSIX compatible scandir - found
-- Could NOT find Doxygen (missing: DOXYGEN_EXECUTABLE) 
-- Could NOT find ZLIB (missing: ZLIB_LIBRARY ZLIB_INCLUDE_DIR) 
-- System PNG or ZLIB not usable, falling back to local PNG for compatibility.
-- System PNG or ZLIB not usable, falling back to local ZLIB for compatibility.
-- Could NOT find JPEG (missing: JPEG_LIBRARY JPEG_INCLUDE_DIR) 
-- cannot find system jpeg library - using built-in
-- Checking Wayland requirements ...
-- Checking for module 'wayland-client>=1.18'
--   No package 'wayland-client' found
-- Checking for module 'wayland-cursor'
--   No package 'wayland-cursor' found
-- Checking for module 'wayland-protocols>=1.15'
--   No package 'wayland-protocols' found
-- Checking for module 'xkbcommon'
--   No package 'xkbcommon' found
Checking Wayland requirements FAILED!
  Not all required software modules for Wayland are present.
  The Wayland backend was requested but can't be built.
  Please check Wayland requirements (see above) or
  set FLTK_BACKEND_WAYLAND=OFF to silence this warning.
-- Found X11: /usr/include   
-- Looking for XOpenDisplay in /usr/lib64/libX11.so
-- Looking for XOpenDisplay in /usr/lib64/libX11.so - found
-- Looking for gethostbyname
-- Looking for gethostbyname - found
-- Looking for connect
-- Looking for connect - found
-- Looking for remove
-- Looking for remove - found
-- Looking for shmat
-- Looking for shmat - found
-- Looking for glXGetProcAddressARB
-- Looking for glXGetProcAddressARB - found
-- Looking for pthread.h
-- Looking for pthread.h - found
-- Performing Test CMAKE_HAVE_LIBC_PTHREAD
-- Performing Test CMAKE_HAVE_LIBC_PTHREAD - Failed
-- Looking for pthread_create in pthreads
-- Looking for pthread_create in pthreads - not found
-- Looking for pthread_create in pthread
-- Looking for pthread_create in pthread - found
-- Found Threads: TRUE  
FLTK_OPENGL_INCLUDE_DIR 

-- Configuration Summary for FLTK 1.5.0 generated by CMake 3.23.2 --

-- The following OPTIONAL packages have not been found:

 * Doxygen
 * ZLIB
 * JPEG

-- Static libraries    will be built in: /home/RSD.CORP/borzyak-aa/develop/fltk-1.4/build/lib
-- Shared libraries    will not be built (set FLTK_BUILD_SHARED_LIBS=ON to build)
-- The forms library   will not be built (set FLTK_BUILD_FORMS=ON to build)
-- The OpenGL library  will be built in: /home/RSD.CORP/borzyak-aa/develop/fltk-1.4/build/lib
-- fluid               will be built in: /home/RSD.CORP/borzyak-aa/develop/fltk-1.4/build/bin
-- fltk-options        will be built in: /home/RSD.CORP/borzyak-aa/develop/fltk-1.4/build/bin
-- Test programs       will be built in: /home/RSD.CORP/borzyak-aa/develop/fltk-1.4/build/bin/test
-- Example programs    will not be built (set FLTK_BUILD_EXAMPLES=ON to build)
-- 
-- FLTK Library (API) version     1.5.0
-- ABI version (FL_ABI_VERSION)   10500
-- Build configuration            <unspecified>
-- Installation prefix            /usr/local

-- Bundled Libraries              JPEG     = Bundled
--                                PNG      = Bundled
--                                ZLIB     = Bundled

-- Use Wayland                    No (X11 is used)
-- All drawing uses Cairo         No
-- Use Pango                      No
-- Use Xft                        No
-- Fl_Cairo_Window support        No

-- CMAKE_CXX_STANDARD             11
-- CMAKE_CXX_STANDARD_REQUIRED    Yes
-- CMAKE_CXX_EXTENSIONS           No

-- End of Configuration Summary --

-- Configuring done
-- Generating done
-- Build files have been written to: /home/RSD.CORP/borzyak-aa/develop/fltk-1.4/build

[borzyak-aa@rd-ws1462-n build]$ make

Построены fltk, fltk_gl, fltk_images, fltk_jpeg, fltk_png, fltk_z, на fluid сломались


В fluid/CMakeList.txt добавляем ;stdc++;m
target_link_libraries(fluid-lib PUBLIC "fltk::images;stdc++;m")

В test/CMakeList.txt добавляем ;stdc++;m
fl_create_example(adjuster adjuster.cxx "fltk::fltk;stdc++;m")
и т.д.

если есть циклическая зависмость, то 
fl_create_example(pixmap pixmap.cxx "stdc++;m;fltk::images;stdc++;m")

$ cmake -DCMAKE_CXX_COMPILER=/usr/bin/gcc -DFLTK_BUILD_FLTK_OPTIONS=OFF ..
Успех!

Переходим к сборке grasp/beat
$ cd ~/develop/grasp/beat/build
$ cmake -DCMAKE_CXX_COMPILER=/usr/bin/gcc ..
$ make

Возникла другая ошибка

CMake Error at CMakeLists.txt:37 (find_package):
  Could not find a package configuration file provided by "FLTK" with any of
  the following names:

    FLTKConfig.cmake
    fltk-config.cmake
Исправляем путь к библиотеке FLTK

fatal error: FL/glut.h: Нет такого файла или каталога #include <FL/glut.h>

rename glut.H in glut.h

comment all in Rest.cpp, rest_cb in beat.cpp

$ make
Consolidate compiler generated dependencies of target beat
[  5%] Linking CXX executable beat
ld: /home/RSD.CORP/borzyak-aa/develop/fltk-1.4/build/lib/libfltk.a(fl_arc.cxx.o): неопределённая ссылка на символ «acos@@GLIBC_2.2.5»
ld: /lib64/libm.so.6: ошибка добавления символов: в командной строке не указан DSO

В CMakeList.txt добавляем ;stdc++;m
target_link_libraries(beat "fltk_gl;fltk;${OPENGL_LIBRARIES};stdc++;m")


